// Jest Snapshot v1, https://goo.gl/fbAQLP

exports[`error component it should render 1`] = `
<div>
  <div
    class="error"
  >
    <h3 />
  </div>
</div>
`;
