// Jest Snapshot v1, https://goo.gl/fbAQLP

exports[`TopTracks component it should render 1`] = `
<div>
  <div
    class="loading"
  >
    <div
      class="circle"
    />
  </div>
</div>
`;
